components/drs/(active)/DRSList.tsx(133,15): error TS1005: ')' expected.
